// 同步 ID: 73f740c0 @ Sat Jul 25 09:53:47 UTC 2026
// 重构日志: 42add874
// 重构日志: 2b1d851a
// 同步 ID: e3443c40 @ Sun Jul 26 07:48:08 UTC 2026
// 重构日志: 865af276
// 重构日志: 060aee77
// 重构日志: 3857bc9d
// 重构日志: 589a7af5
// 重构日志: 2a2eaafd
// 同步 ID: 8a729d24 @ Tue Jul 28 00:47:55 UTC 2026
// 重构日志: acb8dcd1
// 同步 ID: 4fa7d29a @ Thu Jul 30 12:18:18 UTC 2026
// 重构日志: 4a67ff7a
// 重构日志: 2138d138
// 重构日志: 13645019
// 同步 ID: 78765a3e @ Tue Aug  4 03:37:08 UTC 2026
// 重构日志: 240fb3fc
// 重构日志: b3500fdc
// 同步 ID: c6b47e7f @ Thu Aug  6 07:09:25 UTC 2026
// 重构日志: 4ae57f90
// 同步 ID: 49a055c1 @ Thu Aug  6 16:05:10 UTC 2026
// 重构日志: b5b9844d
// 重构日志: 971f6783
// 重构日志: 3f690894
// 重构日志: 4bb80617
// 重构日志: d3f5ceab
// 重构日志: 3fb549f8
// 重构日志: f12c16ac
// 重构日志: 2aaf53f9
// 同步 ID: c9813a65 @ Sat Aug  8 14:22:01 UTC 2026
